Archive member included to satisfy reference by file (symbol)

c:/program files (x86)/gnu arm embedded toolchain/10 2020-q4-major/bin/../lib/gcc/arm-none-eabi/10.2.1/../../../../arm-none-eabi/lib/thumb/v7-m/nofp\libc_nano.a(lib_a-exit.o)
                              c:/program files (x86)/gnu arm embedded toolchain/10 2020-q4-major/bin/../lib/gcc/arm-none-eabi/10.2.1/../../../../arm-none-eabi/lib/thumb/v7-m/nofp/crt0.o (exit)
c:/program files (x86)/gnu arm embedded toolchain/10 2020-q4-major/bin/../lib/gcc/arm-none-eabi/10.2.1/../../../../arm-none-eabi/lib/thumb/v7-m/nofp\libc_nano.a(lib_a-impure.o)
                              c:/program files (x86)/gnu arm embedded toolchain/10 2020-q4-major/bin/../lib/gcc/arm-none-eabi/10.2.1/../../../../arm-none-eabi/lib/thumb/v7-m/nofp\libc_nano.a(lib_a-exit.o) (_global_impure_ptr)
c:/program files (x86)/gnu arm embedded toolchain/10 2020-q4-major/bin/../lib/gcc/arm-none-eabi/10.2.1/../../../../arm-none-eabi/lib/thumb/v7-m/nofp\libc_nano.a(lib_a-init.o)
                              c:/program files (x86)/gnu arm embedded toolchain/10 2020-q4-major/bin/../lib/gcc/arm-none-eabi/10.2.1/../../../../arm-none-eabi/lib/thumb/v7-m/nofp/crt0.o (__libc_init_array)
c:/program files (x86)/gnu arm embedded toolchain/10 2020-q4-major/bin/../lib/gcc/arm-none-eabi/10.2.1/../../../../arm-none-eabi/lib/thumb/v7-m/nofp\libc_nano.a(lib_a-memset.o)
                              c:/program files (x86)/gnu arm embedded toolchain/10 2020-q4-major/bin/../lib/gcc/arm-none-eabi/10.2.1/../../../../arm-none-eabi/lib/thumb/v7-m/nofp/crt0.o (memset)
c:/program files (x86)/gnu arm embedded toolchain/10 2020-q4-major/bin/../lib/gcc/arm-none-eabi/10.2.1/../../../../arm-none-eabi/lib/thumb/v7-m/nofp\libnosys.a(_exit.o)
                              c:/program files (x86)/gnu arm embedded toolchain/10 2020-q4-major/bin/../lib/gcc/arm-none-eabi/10.2.1/../../../../arm-none-eabi/lib/thumb/v7-m/nofp\libc_nano.a(lib_a-exit.o) (_exit)

Discarded input sections

 .text          0x00000000        0x0 c:/program files (x86)/gnu arm embedded toolchain/10 2020-q4-major/bin/../lib/gcc/arm-none-eabi/10.2.1/thumb/v7-m/nofp/crti.o
 .data          0x00000000        0x0 c:/program files (x86)/gnu arm embedded toolchain/10 2020-q4-major/bin/../lib/gcc/arm-none-eabi/10.2.1/thumb/v7-m/nofp/crti.o
 .bss           0x00000000        0x0 c:/program files (x86)/gnu arm embedded toolchain/10 2020-q4-major/bin/../lib/gcc/arm-none-eabi/10.2.1/thumb/v7-m/nofp/crti.o
 .data          0x00000000        0x4 c:/program files (x86)/gnu arm embedded toolchain/10 2020-q4-major/bin/../lib/gcc/arm-none-eabi/10.2.1/thumb/v7-m/nofp/crtbegin.o
 .rodata        0x00000000       0x24 c:/program files (x86)/gnu arm embedded toolchain/10 2020-q4-major/bin/../lib/gcc/arm-none-eabi/10.2.1/thumb/v7-m/nofp/crtbegin.o
 .text          0x00000000       0x7c c:/program files (x86)/gnu arm embedded toolchain/10 2020-q4-major/bin/../lib/gcc/arm-none-eabi/10.2.1/../../../../arm-none-eabi/lib/thumb/v7-m/nofp/crt0.o
 .data          0x00000000        0x0 c:/program files (x86)/gnu arm embedded toolchain/10 2020-q4-major/bin/../lib/gcc/arm-none-eabi/10.2.1/../../../../arm-none-eabi/lib/thumb/v7-m/nofp/crt0.o
 .bss           0x00000000        0x0 c:/program files (x86)/gnu arm embedded toolchain/10 2020-q4-major/bin/../lib/gcc/arm-none-eabi/10.2.1/../../../../arm-none-eabi/lib/thumb/v7-m/nofp/crt0.o
 .ARM.extab     0x00000000        0x0 c:/program files (x86)/gnu arm embedded toolchain/10 2020-q4-major/bin/../lib/gcc/arm-none-eabi/10.2.1/../../../../arm-none-eabi/lib/thumb/v7-m/nofp/crt0.o
 .ARM.exidx     0x00000000       0x10 c:/program files (x86)/gnu arm embedded toolchain/10 2020-q4-major/bin/../lib/gcc/arm-none-eabi/10.2.1/../../../../arm-none-eabi/lib/thumb/v7-m/nofp/crt0.o
 .ARM.attributes
                0x00000000       0x1b c:/program files (x86)/gnu arm embedded toolchain/10 2020-q4-major/bin/../lib/gcc/arm-none-eabi/10.2.1/../../../../arm-none-eabi/lib/thumb/v7-m/nofp/crt0.o
 .text          0x00000000        0x0 build/Bootloader.o
 .data          0x00000000        0x0 build/Bootloader.o
 .bss           0x00000000        0x0 build/Bootloader.o
 .text          0x00000000        0x0 build/gpio.o
 .data          0x00000000        0x0 build/gpio.o
 .bss           0x00000000        0x0 build/gpio.o
 .text          0x00000000        0x0 build/crc.o
 .data          0x00000000        0x0 build/crc.o
 .bss           0x00000000        0x0 build/crc.o
 .text.HAL_CRC_MspDeInit
                0x00000000       0x20 build/crc.o
 .text          0x00000000        0x0 build/tim.o
 .data          0x00000000        0x0 build/tim.o
 .bss           0x00000000        0x0 build/tim.o
 .text.HAL_TIM_Base_MspDeInit
                0x00000000       0x24 build/tim.o
 .text          0x00000000        0x0 build/usart.o
 .data          0x00000000        0x0 build/usart.o
 .bss           0x00000000        0x0 build/usart.o
 .text.HAL_UART_MspDeInit
[...]
Memory Configuration

Name             Origin             Length             Attributes
Bootloader       0x08000000         0x00004000         xr
AppCode          0x08004000         0x0001c000         xr
sharedRam        0x20000000         0x00000020         xrw
RAM              0x20000020         0x00005000         xrw
*default*        0x00000000         0xffffffff

Linker script and memory map

LOAD c:/program files (x86)/gnu arm embedded toolchain/10 2020-q4-major/bin/../lib/gcc/arm-none-eabi/10.2.1/thumb/v7-m/nofp/crti.o
LOAD c:/program files (x86)/gnu arm embedded toolchain/10 2020-q4-major/bin/../lib/gcc/arm-none-eabi/10.2.1/thumb/v7-m/nofp/crtbegin.o
LOAD c:/program files (x86)/gnu arm embedded toolchain/10 2020-q4-major/bin/../lib/gcc/arm-none-eabi/10.2.1/../../../../arm-none-eabi/lib/thumb/v7-m/nofp/crt0.o
LOAD build/Bootloader.o
LOAD build/gpio.o
LOAD build/crc.o
LOAD build/tim.o
LOAD build/usart.o
LOAD build/stm32f1xx_it.o
LOAD build/stm32f1xx_hal_msp.o
LOAD build/stm32f1xx_hal_gpio_ex.o
LOAD build/stm32f1xx_hal_crc.o
LOAD build/stm32f1xx_hal.o
LOAD build/stm32f1xx_hal_rcc.o
LOAD build/stm32f1xx_hal_rcc_ex.o
LOAD build/stm32f1xx_hal_gpio.o
LOAD build/stm32f1xx_hal_dma.o
LOAD build/stm32f1xx_hal_cortex.o
LOAD build/stm32f1xx_hal_pwr.o
LOAD build/stm32f1xx_hal_flash.o
LOAD build/stm32f1xx_hal_flash_ex.o
LOAD build/stm32f1xx_hal_exti.o
LOAD build/stm32f1xx_hal_tim.o
LOAD build/stm32f1xx_hal_tim_ex.o
LOAD build/stm32f1xx_hal_uart.o
LOAD build/system_stm32f1xx.o
LOAD build/startup_stm32f103xb.o
LOAD c:/program files (x86)/gnu arm embedded toolchain/10 2020-q4-major/bin/../lib/gcc/arm-none-eabi/10.2.1/../../../../arm-none-eabi/lib/thumb/v7-m/nofp\libc_nano.a
LOAD c:/program files (x86)/gnu arm embedded toolchain/10 2020-q4-major/bin/../lib/gcc/arm-none-eabi/10.2.1/../../../../arm-none-eabi/lib/thumb/v7-m/nofp\libm.a
LOAD c:/program files (x86)/gnu arm embedded toolchain/10 2020-q4-major/bin/../lib/gcc/arm-none-eabi/10.2.1/../../../../arm-none-eabi/lib/thumb/v7-m/nofp\libnosys.a
START GROUP
LOAD c:/program files (x86)/gnu arm embedded toolchain/10 2020-q4-major/bin/../lib/gcc/arm-none-eabi/10.2.1/thumb/v7-m/nofp\libgcc.a
LOAD c:/program files (x86)/gnu arm embedded toolchain/10 2020-q4-major/bin/../lib/gcc/arm-none-eabi/10.2.1/../../../../arm-none-eabi/lib/thumb/v7-m/nofp\libc_nano.a
END GROUP
START GROUP
LOAD c:/program files (x86)/gnu arm embedded toolchain/10 2020-q4-major/bin/../lib/gcc/arm-none-eabi/10.2.1/thumb/v7-m/nofp\libgcc.a
LOAD c:/program files (x86)/gnu arm embedded toolchain/10 2020-q4-major/bin/../lib/gcc/arm-none-eabi/10.2.1/../../../../arm-none-eabi/lib/thumb/v7-m/nofp\libc_nano.a
END GROUP
LOAD c:/program files (x86)/gnu arm embedded toolchain/10 2020-q4-major/bin/../lib/gcc/arm-none-eabi/10.2.1/thumb/v7-m/nofp/crtend.o
LOAD c:/program files (x86)/gnu arm embedded toolchain/10 2020-q4-major/bin/../lib/gcc/arm-none-eabi/10.2.1/thumb/v7-m/nofp/crtn.o
                0x20005000                _estack = 0x20005000
                0x00000200                _Min_Heap_Size = 0x200
                0x00000400                _Min_Stack_Size = 0x400

.shared_memory
 *(.shared_memory)

.isr_vector     0x08000000      0x10c
                0x08000000                . = ALIGN (0x4)
 *(.isr_vector)
 .isr_vector    0x08000000      0x10c build/startup_stm32f103xb.o
                0x08000000                g_pfnVectors
                0x0800010c                . = ALIGN (0x4)

.text           0x0800010c     0x1bb4
                0x0800010c                . = ALIGN (0x4)
 *(.text)
 .text          0x0800010c       0x40 c:/program files (x86)/gnu arm embedded toolchain/10 2020-q4-major/bin/../lib/gcc/arm-none-eabi/10.2.1/thumb/v7-m/nofp/crtbegin.o
 *(.text*)
 .text.JumpToMain
                0x0800014c       0x30 build/Bootloader.o
                0x0800014c                JumpToMain
 .text.Error_Handler
                0x0800017c        0x4 build/Bootloader.o
                0x0800017c                Error_Handler
 .text.SystemClock_Config
                0x08000180       0x52 build/Bootloader.o
                0x08000180                SystemClock_Config
 *fill*         0x080001d2        0x2 
 .text.main     0x080001d4       0x54 build/Bootloader.o
                0x080001d4                main
 .text.MX_GPIO_Init
                0x08000228       0x78 build/gpio.o
                0x08000228                MX_GPIO_Init
 .text.MX_CRC_Init
                0x080002a0       0x20 build/crc.o
                0x080002a0                MX_CRC_Init
 .text.HAL_CRC_MspInit
                0x080002c0       0x2c build/crc.o
                0x080002c0                HAL_CRC_MspInit
 .text.MX_TIM2_Init
                0x080002ec       0xa8 build/tim.o
                0x080002ec                MX_TIM2_Init
 .text.HAL_TIM_Base_MspInit
                0x08000394       0x3a build/tim.o
                0x08000394                HAL_TIM_Base_MspInit
 *fill*         0x080003ce        0x2 
 .text.MX_USART1_UART_Init
                0x080003d0       0x34 build/usart.o
                0x080003d0                MX_USART1_UART_Init
 .text.HAL_UART_MspInit
                0x08000404       0x88 build/usart.o
                0x08000404                HAL_UART_MspInit
 .text.NMI_Handler
                0x0800048c        0x2 build/stm32f1xx_it.o
                0x0800048c                NMI_Handler
 .text.HardFault_Handler
                0x0800048e        0x2 build/stm32f1xx_it.o
                0x0800048e                HardFault_Handler
 .text.MemManage_Handler
                0x08000490        0x2 build/stm32f1xx_it.o
                0x08000490                MemManage_Handler
 .text.BusFault_Handler
                0x08000492        0x2 build/stm32f1xx_it.o
                0x08000492                BusFault_Handler
 .text.UsageFault_Handler
                0x08000494        0x2 build/stm32f1xx_it.o
                0x08000494                UsageFault_Handler
 .text.SVC_Handler
                0x08000496        0x2 build/stm32f1xx_it.o
                0x08000496                SVC_Handler
 .text.DebugMon_Handler
                0x08000498        0x2 build/stm32f1xx_it.o
                0x08000498                DebugMon_Handler
 .text.PendSV_Handler
                0x0800049a        0x2 build/stm32f1xx_it.o
                0x0800049a                PendSV_Handler
 .text.SysTick_Handler
                0x0800049c        0x8 build/stm32f1xx_it.o
                0x0800049c                SysTick_Handler
 .text.TIM2_IRQHandler
                0x080004a4       0x10 build/stm32f1xx_it.o
                0x080004a4                TIM2_IRQHandler
 .text.USART1_IRQHandler
                0x080004b4       0x10 build/stm32f1xx_it.o
                0x080004b4                USART1_IRQHandler
 .text.HAL_MspInit
                0x080004c4       0x44 build/stm32f1xx_hal_msp.o
                0x080004c4                HAL_MspInit
 .text.HAL_CRC_Init
                0x08000508       0x1e build/stm32f1xx_hal_crc.o
                0x08000508                HAL_CRC_Init
 .text.HAL_MspDeInit
                0x08000526        0x2 build/stm32f1xx_hal.o
                0x08000526                HAL_MspDeInit
 .text.HAL_DeInit
                0x08000528       0x20 build/stm32f1xx_hal.o
                0x08000528                HAL_DeInit
 .text.HAL_InitTick
                0x08000548       0x4c build/stm32f1xx_hal.o
                0x08000548                HAL_InitTick
 .text.HAL_Init
                0x08000594       0x24 build/stm32f1xx_hal.o
                0x08000594                HAL_Init
 .text.HAL_IncTick
                0x080005b8       0x18 build/stm32f1xx_hal.o
                0x080005b8                HAL_IncTick
 .text.HAL_GetTick
                0x080005d0        0xc build/stm32f1xx_hal.o
                0x080005d0                HAL_GetTick
 .text.HAL_Delay
                0x080005dc       0x28 build/stm32f1xx_hal.o
                0x080005dc                HAL_Delay
 .text.RCC_Delay
                0x08000604       0x2c build/stm32f1xx_hal_rcc.o
 .text.HAL_RCC_DeInit
                0x08000630       0xf4 build/stm32f1xx_hal_rcc.o
                0x08000630                HAL_RCC_DeInit
 .text.HAL_RCC_OscConfig
                0x08000724      0x410 build/stm32f1xx_hal_rcc.o
                0x08000724                HAL_RCC_OscConfig
 .text.HAL_RCC_GetSysClockFreq
                0x08000b34       0x6c build/stm32f1xx_hal_rcc.o
                0x08000b34                HAL_RCC_GetSysClockFreq
 .text.HAL_RCC_ClockConfig
                0x08000ba0      0x16c build/stm32f1xx_hal_rcc.o
                0x08000ba0                HAL_RCC_ClockConfig
 .text.HAL_RCC_GetHCLKFreq
                0x08000d0c        0xc build/stm32f1xx_hal_rcc.o
                0x08000d0c                HAL_RCC_GetHCLKFreq
 .text.HAL_RCC_GetPCLK1Freq
                0x08000d18       0x20 build/stm32f1xx_hal_rcc.o
                0x08000d18                HAL_RCC_GetPCLK1Freq
 .text.HAL_RCC_GetPCLK2Freq
                0x08000d38       0x20 build/stm32f1xx_hal_rcc.o
                0x08000d38                HAL_RCC_GetPCLK2Freq
 .text.HAL_GPIO_Init
                0x08000d58      0x224 build/stm32f1xx_hal_gpio.o
                0x08000d58                HAL_GPIO_Init
 .text.HAL_GPIO_ReadPin
                0x08000f7c        0xe build/stm32f1xx_hal_gpio.o
                0x08000f7c                HAL_GPIO_ReadPin
 .text.HAL_GPIO_WritePin
                0x08000f8a        0xc build/stm32f1xx_hal_gpio.o
                0x08000f8a                HAL_GPIO_WritePin
 .text.HAL_DMA_Abort
                0x08000f96       0x44 build/stm32f1xx_hal_dma.o
                0x08000f96                HAL_DMA_Abort
 *fill*         0x08000fda        0x2 
 .text.HAL_DMA_Abort_IT
                0x08000fdc       0x98 build/stm32f1xx_hal_dma.o
                0x08000fdc                HAL_DMA_Abort_IT
 .text.HAL_NVIC_SetPriorityGrouping
                0x08001074       0x24 build/stm32f1xx_hal_cortex.o
                0x08001074                HAL_NVIC_SetPriorityGrouping
 .text.HAL_NVIC_SetPriority
                0x08001098       0x70 build/stm32f1xx_hal_cortex.o
                0x08001098                HAL_NVIC_SetPriority
 .text.HAL_NVIC_EnableIRQ
                0x08001108       0x1c build/stm32f1xx_hal_cortex.o
                0x08001108                HAL_NVIC_EnableIRQ
 .text.HAL_SYSTICK_Config
                0x08001124       0x28 build/stm32f1xx_hal_cortex.o
                0x08001124                HAL_SYSTICK_Config
 .text.TIM_OC1_SetConfig
                0x0800114c       0x5c build/stm32f1xx_hal_tim.o
 .text.TIM_OC3_SetConfig
                0x080011a8       0x64 build/stm32f1xx_hal_tim.o
 .text.TIM_OC4_SetConfig
                0x0800120c       0x48 build/stm32f1xx_hal_tim.o
 .text.TIM_TI1_ConfigInputStage
                0x08001254       0x24 build/stm32f1xx_hal_tim.o
 .text.TIM_TI2_ConfigInputStage
                0x08001278       0x26 build/stm32f1xx_hal_tim.o
 .text.TIM_ITRx_SetConfig
                0x0800129e       0x10 build/stm32f1xx_hal_tim.o
 .text.HAL_TIM_OC_MspInit
                0x080012ae        0x2 build/stm32f1xx_hal_tim.o
                0x080012ae                HAL_TIM_OC_MspInit
 .text.HAL_TIM_PeriodElapsedCallback
                0x080012b0        0x2 build/stm32f1xx_hal_tim.o
                0x080012b0                HAL_TIM_PeriodElapsedCallback
 .text.HAL_TIM_OC_DelayElapsedCallback
                0x080012b2        0x2 build/stm32f1xx_hal_tim.o
                0x080012b2                HAL_TIM_OC_DelayElapsedCallback
 .text.HAL_TIM_IC_CaptureCallback
                0x080012b4        0x2 build/stm32f1xx_hal_tim.o
                0x080012b4                HAL_TIM_IC_CaptureCallback
 .text.HAL_TIM_PWM_PulseFinishedCallback
                0x080012b6        0x2 build/stm32f1xx_hal_tim.o
                0x080012b6                HAL_TIM_PWM_PulseFinishedCallback
 .text.HAL_TIM_TriggerCallback
                0x080012b8        0x2 build/stm32f1xx_hal_tim.o
                0x080012b8                HAL_TIM_TriggerCallback
 .text.HAL_TIM_IRQHandler
                0x080012ba      0x17a build/stm32f1xx_hal_tim.o
                0x080012ba                HAL_TIM_IRQHandler
 .text.TIM_Base_SetConfig
                0x08001434       0x74 build/stm32f1xx_hal_tim.o
                0x08001434                TIM_Base_SetConfig
 .text.HAL_TIM_Base_Init
                0x080014a8       0x58 build/stm32f1xx_hal_tim.o
                0x080014a8                HAL_TIM_Base_Init
 .text.HAL_TIM_OC_Init
                0x08001500       0x58 build/stm32f1xx_hal_tim.o
                0x08001500                HAL_TIM_OC_Init
 .text.TIM_OC2_SetConfig
                0x08001558       0x64 build/stm32f1xx_hal_tim.o
                0x08001558                TIM_OC2_SetConfig
 .text.HAL_TIM_OC_ConfigChannel
                0x080015bc       0x52 build/stm32f1xx_hal_tim.o
                0x080015bc                HAL_TIM_OC_ConfigChannel
 .text.TIM_ETR_SetConfig
                0x0800160e       0x18 build/stm32f1xx_hal_tim.o
                0x0800160e                TIM_ETR_SetConfig
 .text.HAL_TIM_ConfigClockSource
                0x08001626       0xda build/stm32f1xx_hal_tim.o
                0x08001626                HAL_TIM_ConfigClockSource
 .text.HAL_TIMEx_MasterConfigSynchronization
                0x08001700       0x6c build/stm32f1xx_hal_tim_ex.o
                0x08001700                HAL_TIMEx_MasterConfigSynchronization
 .text.HAL_TIMEx_CommutCallback
                0x0800176c        0x2 build/stm32f1xx_hal_tim_ex.o
                0x0800176c                HAL_TIMEx_CommutCallback
 .text.HAL_TIMEx_BreakCallback
                0x0800176e        0x2 build/stm32f1xx_hal_tim_ex.o
                0x0800176e                HAL_TIMEx_BreakCallback
 .text.UART_EndRxTransfer
                0x08001770       0x32 build/stm32f1xx_hal_uart.o
 .text.UART_Transmit_IT
                0x080017a2       0x60 build/stm32f1xx_hal_uart.o
 *fill*         0x08001802        0x2 
 .text.UART_SetConfig
                0x08001804       0x94 build/stm32f1xx_hal_uart.o
 .text.HAL_UART_Init
                0x08001898       0x5e build/stm32f1xx_hal_uart.o
                0x08001898                HAL_UART_Init
 .text.HAL_UART_TxCpltCallback
                0x080018f6        0x2 build/stm32f1xx_hal_uart.o
                0x080018f6                HAL_UART_TxCpltCallback
 .text.UART_EndTransmit_IT
                0x080018f8       0x1a build/stm32f1xx_hal_uart.o
 .text.HAL_UART_RxCpltCallback
                0x08001912        0x2 build/stm32f1xx_hal_uart.o
                0x08001912                HAL_UART_RxCpltCallback
 .text.HAL_UART_ErrorCallback
                0x08001914        0x2 build/stm32f1xx_hal_uart.o
                0x08001914                HAL_UART_ErrorCallback
 .text.UART_DMAAbortOnError
                0x08001916       0x10 build/stm32f1xx_hal_uart.o
 .text.HAL_UARTEx_RxEventCallback
                0x08001926        0x2 build/stm32f1xx_hal_uart.o
                0x08001926                HAL_UARTEx_RxEventCallback
 .text.UART_Receive_IT
                0x08001928       0xd4 build/stm32f1xx_hal_uart.o
 .text.HAL_UART_IRQHandler
                0x080019fc      0x204 build/stm32f1xx_hal_uart.o
                0x080019fc                HAL_UART_IRQHandler
 .text.SystemInit
                0x08001c00        0x2 build/system_stm32f1xx.o
                0x08001c00                SystemInit
 *fill*         0x08001c02        0x2 
 .text.Reset_Handler
                0x08001c04       0x48 build/startup_stm32f103xb.o
                0x08001c04                Reset_Handler
 .text.Default_Handler
                0x08001c4c        0x2 build/startup_stm32f103xb.o
                0x08001c4c                RTC_Alarm_IRQHandler
                0x08001c4c                EXTI2_IRQHandler
                0x08001c4c                TIM1_CC_IRQHandler
                0x08001c4c                PVD_IRQHandler
                0x08001c4c                EXTI3_IRQHandler
                0x08001c4c                EXTI0_IRQHandler
                0x08001c4c                I2C2_EV_IRQHandler
                0x08001c4c                ADC1_2_IRQHandler
                0x08001c4c                SPI1_IRQHandler
                0x08001c4c                TAMPER_IRQHandler
                0x08001c4c                DMA1_Channel4_IRQHandler
                0x08001c4c                USART3_IRQHandler
                0x08001c4c                RTC_IRQHandler
                0x08001c4c                DMA1_Channel7_IRQHandler
                0x08001c4c                CAN1_RX1_IRQHandler
                0x08001c4c                TIM4_IRQHandler
                0x08001c4c                I2C1_EV_IRQHandler
                0x08001c4c                DMA1_Channel6_IRQHandler
                0x08001c4c                TIM3_IRQHandler
                0x08001c4c                RCC_IRQHandler
                0x08001c4c                TIM1_TRG_COM_IRQHandler
                0x08001c4c                DMA1_Channel1_IRQHandler
                0x08001c4c                Default_Handler
                0x08001c4c                EXTI15_10_IRQHandler
                0x08001c4c                EXTI9_5_IRQHandler
                0x08001c4c                SPI2_IRQHandler
                0x08001c4c                DMA1_Channel5_IRQHandler
                0x08001c4c                EXTI4_IRQHandler
                0x08001c4c                USB_LP_CAN1_RX0_IRQHandler
                0x08001c4c                USB_HP_CAN1_TX_IRQHandler
                0x08001c4c                DMA1_Channel3_IRQHandler
                0x08001c4c                TIM1_UP_IRQHandler
                0x08001c4c                WWDG_IRQHandler
                0x08001c4c                TIM1_BRK_IRQHandler
                0x08001c4c                EXTI1_IRQHandler
                0x08001c4c                USART2_IRQHandler
                0x08001c4c                I2C2_ER_IRQHandler
                0x08001c4c                DMA1_Channel2_IRQHandler
                0x08001c4c                CAN1_SCE_IRQHandler
                0x08001c4c                FLASH_IRQHandler
                0x08001c4c                I2C1_ER_IRQHandler
                0x08001c4c                USBWakeUp_IRQHandler
 *fill*         0x08001c4e        0x2 
 .text.__libc_init_array
                0x08001c50       0x48 c:/program files (x86)/gnu arm embedded toolchain/10 2020-q4-major/bin/../lib/gcc/arm-none-eabi/10.2.1/../../../../arm-none-eabi/lib/thumb/v7-m/nofp\libc_nano.a(lib_a-init.o)
                0x08001c50                __libc_init_array
 .text.memset   0x08001c98       0x10 c:/program files (x86)/gnu arm embedded toolchain/10 2020-q4-major/bin/../lib/gcc/arm-none-eabi/10.2.1/../../../../arm-none-eabi/lib/thumb/v7-m/nofp\libc_nano.a(lib_a-memset.o)
                0x08001c98                memset
 *(.glue_7)
 .glue_7        0x08001ca8        0x0 linker stubs
 *(.glue_7t)
 .glue_7t       0x08001ca8        0x0 linker stubs
 *(.eh_frame)
 .eh_frame      0x08001ca8        0x0 c:/program files (x86)/gnu arm embedded toolchain/10 2020-q4-major/bin/../lib/gcc/arm-none-eabi/10.2.1/thumb/v7-m/nofp/crtbegin.o
 *(.init)
 .init          0x08001ca8        0x4 c:/program files (x86)/gnu arm embedded toolchain/10 2020-q4-major/bin/../lib/gcc/arm-none-eabi/10.2.1/thumb/v7-m/nofp/crti.o
                0x08001ca8                _init
 .init          0x08001cac        0x8 c:/program files (x86)/gnu arm embedded toolchain/10 2020-q4-major/bin/../lib/gcc/arm-none-eabi/10.2.1/thumb/v7-m/nofp/crtn.o
 *(.fini)
 .fini          0x08001cb4        0x4 c:/program files (x86)/gnu arm embedded toolchain/10 2020-q4-major/bin/../lib/gcc/arm-none-eabi/10.2.1/thumb/v7-m/nofp/crti.o
                0x08001cb4                _fini
 .fini          0x08001cb8        0x8 c:/program files (x86)/gnu arm embedded toolchain/10 2020-q4-major/bin/../lib/gcc/arm-none-eabi/10.2.1/thumb/v7-m/nofp/crtn.o
                0x08001cc0                . = ALIGN (0x4)
                0x08001cc0                _etext = .

.vfp11_veneer   0x08001cc0        0x0
 .vfp11_veneer  0x08001cc0        0x0 linker stubs

.v4_bx          0x08001cc0        0x0
 .v4_bx         0x08001cc0        0x0 linker stubs

.iplt           0x08001cc0        0x0
 .iplt          0x08001cc0        0x0 c:/program files (x86)/gnu arm embedded toolchain/10 2020-q4-major/bin/../lib/gcc/arm-none-eabi/10.2.1/thumb/v7-m/nofp/crtbegin.o

.rodata         0x08001cc0       0x2c
                0x08001cc0                . = ALIGN (0x4)
 *(.rodata)
 *(.rodata*)
 .rodata.HAL_RCC_GetSysClockFreq.str1.4
                0x08001cc0       0x11 build/stm32f1xx_hal_rcc.o
 *fill*         0x08001cd1        0x3 
 .rodata.AHBPrescTable
                0x08001cd4       0x10 build/system_stm32f1xx.o
                0x08001cd4                AHBPrescTable
 .rodata.APBPrescTable
                0x08001ce4        0x8 build/system_stm32f1xx.o
                0x08001ce4                APBPrescTable
                0x08001cec                . = ALIGN (0x4)

.rel.dyn        0x08001cec        0x0
 .rel.iplt      0x08001cec        0x0 c:/program files (x86)/gnu arm embedded toolchain/10 2020-q4-major/bin/../lib/gcc/arm-none-eabi/10.2.1/thumb/v7-m/nofp/crtbegin.o

.ARM.extab
 *(.ARM.extab* .gnu.linkonce.armextab.*)

.ARM            0x08001cec        0x0
                0x08001cec                __exidx_start = .
 *(.ARM.exidx*)
                0x08001cec                __exidx_end = .

.preinit_array  0x08001cec        0x0
                0x08001cec                PROVIDE (__preinit_array_start = .)
 *(.preinit_array*)
                0x08001cec                PROVIDE (__preinit_array_end = .)

.init_array     0x08001cec        0x4
                0x08001cec                PROVIDE (__init_array_start = .)
 *(SORT_BY_NAME(.init_array.*))
 *(.init_array*)
 .init_array    0x08001cec        0x4 c:/program files (x86)/gnu arm embedded toolchain/10 2020-q4-major/bin/../lib/gcc/arm-none-eabi/10.2.1/thumb/v7-m/nofp/crtbegin.o
                0x08001cf0                PROVIDE (__init_array_end = .)

.fini_array     0x08001cf0        0x4
                [!provide]                PROVIDE (__fini_array_start = .)
 *(SORT_BY_NAME(.fini_array.*))
 *(.fini_array*)
 .fini_array    0x08001cf0        0x4 c:/program files (x86)/gnu arm embedded toolchain/10 2020-q4-major/bin/../lib/gcc/arm-none-eabi/10.2.1/thumb/v7-m/nofp/crtbegin.o
                [!provide]                PROVIDE (__fini_array_end = .)
                0x08001cf4                _sidata = LOADADDR (.data)

.data           0x20000020        0xc load address 0x08001cf4
                0x20000020                . = ALIGN (0x4)
                0x20000020                _sdata = .
 *(.data)
 *(.data*)
 .data.uwTickFreq
                0x20000020        0x1 build/stm32f1xx_hal.o
                0x20000020                uwTickFreq
 *fill*         0x20000021        0x3 
 .data.uwTickPrio
                0x20000024        0x4 build/stm32f1xx_hal.o
                0x20000024                uwTickPrio
 .data.SystemCoreClock
                0x20000028        0x4 build/system_stm32f1xx.o
                0x20000028                SystemCoreClock
                0x2000002c                . = ALIGN (0x4)
                0x2000002c                _edata = .

.igot.plt       0x2000002c        0x0 load address 0x08001d00
 .igot.plt      0x2000002c        0x0 c:/program files (x86)/gnu arm embedded toolchain/10 2020-q4-major/bin/../lib/gcc/arm-none-eabi/10.2.1/thumb/v7-m/nofp/crtbegin.o
                0x2000002c                . = ALIGN (0x4)

.bss            0x2000002c       0xb4 load address 0x08001d00
                0x2000002c                _sbss = .
                0x2000002c                __bss_start__ = _sbss
 *(.bss)
 .bss           0x2000002c       0x1c c:/program files (x86)/gnu arm embedded toolchain/10 2020-q4-major/bin/../lib/gcc/arm-none-eabi/10.2.1/thumb/v7-m/nofp/crtbegin.o
 *(.bss*)
 .bss.hcrc      0x20000048        0x8 build/crc.o
                0x20000048                hcrc
 .bss.htim2     0x20000050       0x48 build/tim.o
                0x20000050                htim2
 .bss.huart1    0x20000098       0x44 build/usart.o
                0x20000098                huart1
 .bss.uwTick    0x200000dc        0x4 build/stm32f1xx_hal.o
                0x200000dc                uwTick
 *(COMMON)
                0x200000e0                . = ALIGN (0x4)
                0x200000e0                _ebss = .
                0x200000e0                __bss_end__ = _ebss

._user_heap_stack
                0x200000e0      0x600 load address 0x08001d00
                0x200000e0                . = ALIGN (0x8)
                [!provide]                PROVIDE (end = .)
                [!provide]                PROVIDE (_end = .)
                0x200002e0                . = (. + _Min_Heap_Size)
 *fill*         0x200000e0      0x200 
                0x200006e0                . = (. + _Min_Stack_Size)
 *fill*         0x200002e0      0x400 
                0x200006e0                . = ALIGN (0x8)

/DISCARD/
 libc.a(*)
 libm.a(*)
 libgcc.a(*)

.ARM.attributes
                0x00000000       0x29
 *(.ARM.attributes)
 .ARM.attributes
                0x00000000       0x1d c:/program files (x86)/gnu arm embedded toolchain/10 2020-q4-major/bin/../lib/gcc/arm-none-eabi/10.2.1/thumb/v7-m/nofp/crti.o
 .ARM.attributes
                0x0000001d       0x2d c:/program files (x86)/gnu arm embedded toolchain/10 2020-q4-major/bin/../lib/gcc/arm-none-eabi/10.2.1/thumb/v7-m/nofp/crtbegin.o
 .ARM.attributes
                0x0000004a       0x2d build/Bootloader.o
 .ARM.attributes
                0x00000077       0x2d build/gpio.o
 .ARM.attributes
                0x000000a4       0x2d build/crc.o
 .ARM.attributes
                0x000000d1       0x2d build/tim.o
 .ARM.attributes
                0x000000fe       0x2d build/usart.o
 .ARM.attributes
                0x0000012b       0x2d build/stm32f1xx_it.o
 .ARM.attributes
                0x00000158       0x2d build/stm32f1xx_hal_msp.o
 .ARM.attributes
                0x00000185       0x2d build/stm32f1xx_hal_crc.o
 .ARM.attributes
                0x000001b2       0x2d build/stm32f1xx_hal.o
 .ARM.attributes
                0x000001df       0x2d build/stm32f1xx_hal_rcc.o
 .ARM.attributes
                0x0000020c       0x2d build/stm32f1xx_hal_gpio.o
 .ARM.attributes
                0x00000239       0x2d build/stm32f1xx_hal_dma.o
 .ARM.attributes
                0x00000266       0x2d build/stm32f1xx_hal_cortex.o
 .ARM.attributes
                0x00000293       0x2d build/stm32f1xx_hal_tim.o
 .ARM.attributes
                0x000002c0       0x2d build/stm32f1xx_hal_tim_ex.o
 .ARM.attributes
                0x000002ed       0x2d build/stm32f1xx_hal_uart.o
 .ARM.attributes
                0x0000031a       0x2d build/system_stm32f1xx.o
 .ARM.attributes
                0x00000347       0x21 build/startup_stm32f103xb.o
 .ARM.attributes
                0x00000368       0x2d c:/program files (x86)/gnu arm embedded toolchain/10 2020-q4-major/bin/../lib/gcc/arm-none-eabi/10.2.1/../../../../arm-none-eabi/lib/thumb/v7-m/nofp\libc_nano.a(lib_a-init.o)
 .ARM.attributes
                0x00000395       0x2d c:/program files (x86)/gnu arm embedded toolchain/10 2020-q4-major/bin/../lib/gcc/arm-none-eabi/10.2.1/../../../../arm-none-eabi/lib/thumb/v7-m/nofp\libc_nano.a(lib_a-memset.o)
 .ARM.attributes
                0x000003c2       0x1d c:/program files (x86)/gnu arm embedded toolchain/10 2020-q4-major/bin/../lib/gcc/arm-none-eabi/10.2.1/thumb/v7-m/nofp/crtn.o
OUTPUT(build/Bootloader.elf elf32-littlearm)
LOAD linker stubs
LOAD c:/program files (x86)/gnu arm embedded toolchain/10 2020-q4-major/bin/../lib/gcc/arm-none-eabi/10.2.1/../../../../arm-none-eabi/lib/thumb/v7-m/nofp\libc.a
LOAD c:/program files (x86)/gnu arm embedded toolchain/10 2020-q4-major/bin/../lib/gcc/arm-none-eabi/10.2.1/../../../../arm-none-eabi/lib/thumb/v7-m/nofp\libm.a
LOAD c:/program files (x86)/gnu arm embedded toolchain/10 2020-q4-major/bin/../lib/gcc/arm-none-eabi/10.2.1/thumb/v7-m/nofp\libgcc.a

.debug_info     0x00000000     0xe15e
 .debug_info    0x00000000      0x80c build/Bootloader.o
 .debug_info    0x0000080c      0x32b build/gpio.o
 .debug_info    0x00000b37      0x3a1 build/crc.o
 .debug_info    0x00000ed8      0xc0c build/tim.o
 .debug_info    0x00001ae4      0xa97 build/usart.o
 .debug_info    0x0000257b      0xa8d build/stm32f1xx_it.o
 .debug_info    0x00003008      0x238 build/stm32f1xx_hal_msp.o
 .debug_info    0x00003240      0x41d build/stm32f1xx_hal_crc.o
 .debug_info    0x0000365d      0x855 build/stm32f1xx_hal.o
 .debug_info    0x00003eb2      0xaec build/stm32f1xx_hal_rcc.o
 .debug_info    0x0000499e      0x6d7 build/stm32f1xx_hal_gpio.o
 .debug_info    0x00005075      0x8bb build/stm32f1xx_hal_dma.o
 .debug_info    0x00005930      0xe2d build/stm32f1xx_hal_cortex.o
 .debug_info    0x0000675d     0x3df8 build/stm32f1xx_hal_tim.o
 .debug_info    0x0000a555     0x1b67 build/stm32f1xx_hal_tim_ex.o
 .debug_info    0x0000c0bc     0x1e12 build/stm32f1xx_hal_uart.o
 .debug_info    0x0000dece      0x26e build/system_stm32f1xx.o
 .debug_info    0x0000e13c       0x22 build/startup_stm32f103xb.o

.debug_abbrev   0x00000000     0x226c
 .debug_abbrev  0x00000000      0x239 build/Bootloader.o
 .debug_abbrev  0x00000239      0x13f build/gpio.o
 .debug_abbrev  0x00000378      0x184 build/crc.o
 .debug_abbrev  0x000004fc      0x1e2 build/tim.o
 .debug_abbrev  0x000006de      0x1ce build/usart.o
 .debug_abbrev  0x000008ac      0x17c build/stm32f1xx_it.o
 .debug_abbrev  0x00000a28       0xe7 build/stm32f1xx_hal_msp.o
 .debug_abbrev  0x00000b0f      0x1e2 build/stm32f1xx_hal_crc.o
 .debug_abbrev  0x00000cf1      0x1f7 build/stm32f1xx_hal.o
 .debug_abbrev  0x00000ee8      0x29a build/stm32f1xx_hal_rcc.o
 .debug_abbrev  0x00001182      0x222 build/stm32f1xx_hal_gpio.o
 .debug_abbrev  0x000013a4      0x244 build/stm32f1xx_hal_dma.o
 .debug_abbrev  0x000015e8      0x359 build/stm32f1xx_hal_cortex.o
 .debug_abbrev  0x00001941      0x296 build/stm32f1xx_hal_tim.o
 .debug_abbrev  0x00001bd7      0x298 build/stm32f1xx_hal_tim_ex.o
 .debug_abbrev  0x00001e6f      0x2ab build/stm32f1xx_hal_uart.o
 .debug_abbrev  0x0000211a      0x140 build/system_stm32f1xx.o
 .debug_abbrev  0x0000225a       0x12 build/startup_stm32f103xb.o

.debug_loc      0x00000000     0xc033
 .debug_loc     0x00000000       0xda build/Bootloader.o
 .debug_loc     0x000000da       0x38 build/gpio.o
 .debug_loc     0x00000112       0x4c build/crc.o
 .debug_loc     0x0000015e      0x105 build/tim.o
 .debug_loc     0x00000263      0x108 build/usart.o
 .debug_loc     0x0000036b       0x60 build/stm32f1xx_it.o
 .debug_loc     0x000003cb       0x41 build/stm32f1xx_hal_msp.o
 .debug_loc     0x0000040c      0x2c3 build/stm32f1xx_hal_crc.o
 .debug_loc     0x000006cf      0x1e1 build/stm32f1xx_hal.o
 .debug_loc     0x000008b0      0x7ee build/stm32f1xx_hal_rcc.o
 .debug_loc     0x0000109e      0x551 build/stm32f1xx_hal_gpio.o
 .debug_loc     0x000015ef      0x901 build/stm32f1xx_hal_dma.o
 .debug_loc     0x00001ef0      0x77f build/stm32f1xx_hal_cortex.o
 .debug_loc     0x0000266f     0x530c build/stm32f1xx_hal_tim.o
 .debug_loc     0x0000797b     0x1f3e build/stm32f1xx_hal_tim_ex.o
 .debug_loc     0x000098b9     0x267b build/stm32f1xx_hal_uart.o
 .debug_loc     0x0000bf34       0xff build/system_stm32f1xx.o

.debug_aranges  0x00000000      0xc28
 .debug_aranges
                0x00000000       0x38 build/Bootloader.o
 .debug_aranges
                0x00000038       0x20 build/gpio.o
 .debug_aranges
                0x00000058       0x30 build/crc.o
 .debug_aranges
                0x00000088       0x30 build/tim.o
 .debug_aranges
                0x000000b8       0x30 build/usart.o
 .debug_aranges
                0x000000e8       0x70 build/stm32f1xx_it.o
 .debug_aranges
                0x00000158       0x20 build/stm32f1xx_hal_msp.o
 .debug_aranges
                0x00000178       0x50 build/stm32f1xx_hal_crc.o
 .debug_aranges
                0x000001c8       0xe0 build/stm32f1xx_hal.o
 .debug_aranges
                0x000002a8       0x90 build/stm32f1xx_hal_rcc.o
 .debug_aranges
                0x00000338       0x58 build/stm32f1xx_hal_gpio.o
 .debug_aranges
                0x00000390       0x80 build/stm32f1xx_hal_dma.o
 .debug_aranges
                0x00000410       0x90 build/stm32f1xx_hal_cortex.o
 .debug_aranges
                0x000004a0      0x3d0 build/stm32f1xx_hal_tim.o
 .debug_aranges
                0x00000870      0x168 build/stm32f1xx_hal_tim_ex.o
 .debug_aranges
                0x000009d8      0x200 build/stm32f1xx_hal_uart.o
 .debug_aranges
                0x00000bd8       0x28 build/system_stm32f1xx.o
 .debug_aranges
                0x00000c00       0x28 build/startup_stm32f103xb.o

.debug_ranges   0x00000000      0xb90
 .debug_ranges  0x00000000       0x28 build/Bootloader.o
 .debug_ranges  0x00000028       0x10 build/gpio.o
 .debug_ranges  0x00000038       0x20 build/crc.o
 .debug_ranges  0x00000058       0x20 build/tim.o
 .debug_ranges  0x00000078       0x20 build/usart.o
 .debug_ranges  0x00000098       0x60 build/stm32f1xx_it.o
 .debug_ranges  0x000000f8       0x10 build/stm32f1xx_hal_msp.o
 .debug_ranges  0x00000108       0x40 build/stm32f1xx_hal_crc.o
 .debug_ranges  0x00000148       0xd0 build/stm32f1xx_hal.o
 .debug_ranges  0x00000218       0xa0 build/stm32f1xx_hal_rcc.o
 .debug_ranges  0x000002b8       0x48 build/stm32f1xx_hal_gpio.o
 .debug_ranges  0x00000300       0x70 build/stm32f1xx_hal_dma.o
 .debug_ranges  0x00000370       0xe0 build/stm32f1xx_hal_cortex.o
 .debug_ranges  0x00000450      0x3c0 build/stm32f1xx_hal_tim.o
 .debug_ranges  0x00000810      0x158 build/stm32f1xx_hal_tim_ex.o
 .debug_ranges  0x00000968      0x1f0 build/stm32f1xx_hal_uart.o
 .debug_ranges  0x00000b58       0x18 build/system_stm32f1xx.o
 .debug_ranges  0x00000b70       0x20 build/startup_stm32f103xb.o

.debug_line     0x00000000     0xc3d3
 .debug_line    0x00000000      0x3af build/Bootloader.o
 .debug_line    0x000003af      0x1e9 build/gpio.o
 .debug_line    0x00000598      0x23a build/crc.o
 .debug_line    0x000007d2      0x338 build/tim.o
 .debug_line    0x00000b0a      0x316 build/usart.o
 .debug_line    0x00000e20      0x320 build/stm32f1xx_it.o
 .debug_line    0x00001140      0x181 build/stm32f1xx_hal_msp.o
 .debug_line    0x000012c1      0x3f1 build/stm32f1xx_hal_crc.o
 .debug_line    0x000016b2      0x532 build/stm32f1xx_hal.o
 .debug_line    0x00001be4      0xc30 build/stm32f1xx_hal_rcc.o
 .debug_line    0x00002814      0x5e7 build/stm32f1xx_hal_gpio.o
 .debug_line    0x00002dfb      0xa57 build/stm32f1xx_hal_dma.o
 .debug_line    0x00003852      0x63d build/stm32f1xx_hal_cortex.o
 .debug_line    0x00003e8f     0x4664 build/stm32f1xx_hal_tim.o
 .debug_line    0x000084f3     0x1b62 build/stm32f1xx_hal_tim_ex.o
 .debug_line    0x0000a055     0x20bf build/stm32f1xx_hal_uart.o
 .debug_line    0x0000c114      0x24a build/system_stm32f1xx.o
 .debug_line    0x0000c35e       0x75 build/startup_stm32f103xb.o

.debug_str      0x00000000     0x37b7
 .debug_str     0x00000000      0x45d build/Bootloader.o
                                0x4b2 (size before relaxing)
 .debug_str     0x0000045d       0xac build/gpio.o
                                0x264 (size before relaxing)
 .debug_str     0x00000509      0x125 build/crc.o
                                0x34a (size before relaxing)
 .debug_str     0x0000062e      0x8f6 build/tim.o
                                0xb8e (size before relaxing)
 .debug_str     0x00000f24      0x227 build/usart.o
                                0x990 (size before relaxing)
 .debug_str     0x0000114b       0xfd build/stm32f1xx_it.o
                                0x922 (size before relaxing)
 .debug_str     0x00001248       0x4d build/stm32f1xx_hal_msp.o
                                0x206 (size before relaxing)
 .debug_str     0x00001295       0xac build/stm32f1xx_hal_crc.o
                                0x37d (size before relaxing)
 .debug_str     0x00001341      0x2d7 build/stm32f1xx_hal.o
                                0x80b (size before relaxing)
 .debug_str     0x00001618      0x1fe build/stm32f1xx_hal_rcc.o
                                0x612 (size before relaxing)
 .debug_str     0x00001816      0x101 build/stm32f1xx_hal_gpio.o
                                0x3e7 (size before relaxing)
 .debug_str     0x00001917      0x237 build/stm32f1xx_hal_dma.o
                                0x5e4 (size before relaxing)
 .debug_str     0x00001b4e      0x347 build/stm32f1xx_hal_cortex.o
                                0x8ba (size before relaxing)
 .debug_str     0x00001e95      0xdc0 build/stm32f1xx_hal_tim.o
                               0x161f (size before relaxing)
 .debug_str     0x00002c55      0x521 build/stm32f1xx_hal_tim_ex.o
                                0xe20 (size before relaxing)
 .debug_str     0x00003176      0x5ce build/stm32f1xx_hal_uart.o
                                0xc75 (size before relaxing)
 .debug_str     0x00003744       0x4f build/system_stm32f1xx.o
                                0x23b (size before relaxing)
 .debug_str     0x00003793       0x24 build/startup_stm32f103xb.o
                                 0x5a (size before relaxing)

.comment        0x00000000       0x4d
 .comment       0x00000000       0x4d build/Bootloader.o
                                 0x4e (size before relaxing)
 .comment       0x0000004d       0x4e build/gpio.o
 .comment       0x0000004d       0x4e build/crc.o
 .comment       0x0000004d       0x4e build/tim.o
 .comment       0x0000004d       0x4e build/usart.o
 .comment       0x0000004d       0x4e build/stm32f1xx_it.o
 .comment       0x0000004d       0x4e build/stm32f1xx_hal_msp.o
 .comment       0x0000004d       0x4e build/stm32f1xx_hal_crc.o
 .comment       0x0000004d       0x4e build/stm32f1xx_hal.o
 .comment       0x0000004d       0x4e build/stm32f1xx_hal_rcc.o
 .comment       0x0000004d       0x4e build/stm32f1xx_hal_gpio.o
 .comment       0x0000004d       0x4e build/stm32f1xx_hal_dma.o
 .comment       0x0000004d       0x4e build/stm32f1xx_hal_cortex.o
 .comment       0x0000004d       0x4e build/stm32f1xx_hal_tim.o
 .comment       0x0000004d       0x4e build/stm32f1xx_hal_tim_ex.o
 .comment       0x0000004d       0x4e build/stm32f1xx_hal_uart.o
 .comment       0x0000004d       0x4e build/system_stm32f1xx.o

.debug_frame    0x00000000     0x1f74
 .debug_frame   0x00000000       0x74 build/Bootloader.o
 .debug_frame   0x00000074       0x30 build/gpio.o
 .debug_frame   0x000000a4       0x50 build/crc.o
 .debug_frame   0x000000f4       0x64 build/tim.o
 .debug_frame   0x00000158       0x64 build/usart.o
 .debug_frame   0x000001bc       0xd8 build/stm32f1xx_it.o
 .debug_frame   0x00000294       0x28 build/stm32f1xx_hal_msp.o
 .debug_frame   0x000002bc       0xb8 build/stm32f1xx_hal_crc.o
 .debug_frame   0x00000374      0x1cc build/stm32f1xx_hal.o
 .debug_frame   0x00000540      0x190 build/stm32f1xx_hal_rcc.o
 .debug_frame   0x000006d0       0xe4 build/stm32f1xx_hal_gpio.o
 .debug_frame   0x000007b4      0x144 build/stm32f1xx_hal_dma.o
 .debug_frame   0x000008f8      0x118 build/stm32f1xx_hal_cortex.o
 .debug_frame   0x00000a10      0xb18 build/stm32f1xx_hal_tim.o
 .debug_frame   0x00001528      0x40c build/stm32f1xx_hal_tim_ex.o
 .debug_frame   0x00001934      0x5c4 build/stm32f1xx_hal_uart.o
 .debug_frame   0x00001ef8       0x30 build/system_stm32f1xx.o
 .debug_frame   0x00001f28       0x2c c:/program files (x86)/gnu arm embedded toolchain/10 2020-q4-major/bin/../lib/gcc/arm-none-eabi/10.2.1/../../../../arm-none-eabi/lib/thumb/v7-m/nofp\libc_nano.a(lib_a-init.o)
 .debug_frame   0x00001f54       0x20 c:/program files (x86)/gnu arm embedded toolchain/10 2020-q4-major/bin/../lib/gcc/arm-none-eabi/10.2.1/../../../../arm-none-eabi/lib/thumb/v7-m/nofp\libc_nano.a(lib_a-memset.o)

Cross Reference Table

Symbol                                            File
ADC1_2_IRQHandler                                 build/startup_stm32f103xb.o
AHBPrescTable                                     build/system_stm32f1xx.o
                                                  build/stm32f1xx_hal_rcc.o
APBPrescTable                                     build/system_stm32f1xx.o
                                                  build/stm32f1xx_hal_rcc.o
BusFault_Handler                                  build/stm32f1xx_it.o
CAN1_RX1_IRQHandler                               build/startup_stm32f103xb.o
CAN1_SCE_IRQHandler                               build/startup_stm32f103xb.o
DMA1_Channel1_IRQHandler                          build/startup_stm32f103xb.o
DMA1_Channel2_IRQHandler                          build/startup_stm32f103xb.o
DMA1_Channel3_IRQHandler                          build/startup_stm32f103xb.o
DMA1_Channel4_IRQHandler                          build/startup_stm32f103xb.o
DMA1_Channel5_IRQHandler                          build/startup_stm32f103xb.o
DMA1_Channel6_IRQHandler                          build/startup_stm32f103xb.o
DMA1_Channel7_IRQHandler                          build/startup_stm32f103xb.o
DebugMon_Handler                                  build/stm32f1xx_it.o
Default_Handler                                   build/startup_stm32f103xb.o
EXTI0_IRQHandler                                  build/startup_stm32f103xb.o
EXTI15_10_IRQHandler                              build/startup_stm32f103xb.o
EXTI1_IRQHandler                                  build/startup_stm32f103xb.o
EXTI2_IRQHandler                                  build/startup_stm32f103xb.o
EXTI3_IRQHandler                                  build/startup_stm32f103xb.o
EXTI4_IRQHandler                                  build/startup_stm32f103xb.o
EXTI9_5_IRQHandler                                build/startup_stm32f103xb.o
Error_Handler                                     build/Bootloader.o
                                                  build/usart.o
                                                  build/tim.o
                                                  build/crc.o
FLASH_IRQHandler                                  build/startup_stm32f103xb.o
FLASH_PageErase                                   build/stm32f1xx_hal_flash_ex.o
                                                  build/stm32f1xx_hal_flash.o
FLASH_WaitForLastOperation                        build/stm32f1xx_hal_flash.o
                                                  build/stm32f1xx_hal_flash_ex.o
HAL_CRC_Accumulate                                build/stm32f1xx_hal_crc.o
HAL_CRC_Calculate                                 build/stm32f1xx_hal_crc.o
HAL_CRC_DeInit                                    build/stm32f1xx_hal_crc.o
HAL_CRC_GetState                                  build/stm32f1xx_hal_crc.o
HAL_CRC_Init                                      build/stm32f1xx_hal_crc.o
                                                  build/crc.o
HAL_CRC_MspDeInit                                 build/crc.o
HAL_CRC_MspInit                                   build/crc.o
HAL_DBGMCU_DisableDBGSleepMode                    build/stm32f1xx_hal.o
HAL_DBGMCU_DisableDBGStandbyMode                  build/stm32f1xx_hal.o
HAL_DBGMCU_DisableDBGStopMode                     build/stm32f1xx_hal.o
HAL_DBGMCU_EnableDBGSleepMode                     build/stm32f1xx_hal.o
HAL_DBGMCU_EnableDBGStandbyMode                   build/stm32f1xx_hal.o
HAL_DBGMCU_EnableDBGStopMode                      build/stm32f1xx_hal.o
HAL_DMA_Abort                                     build/stm32f1xx_hal_dma.o
                                                  build/stm32f1xx_hal_uart.o
HAL_DMA_Abort_IT                                  build/stm32f1xx_hal_dma.o
                                                  build/stm32f1xx_hal_uart.o
                                                  build/stm32f1xx_hal_tim_ex.o
                                                  build/stm32f1xx_hal_tim.o
HAL_DMA_DeInit                                    build/stm32f1xx_hal_dma.o
HAL_DMA_GetError                                  build/stm32f1xx_hal_dma.o
                                                  build/stm32f1xx_hal_uart.o
HAL_DMA_GetState                                  build/stm32f1xx_hal_dma.o
HAL_DMA_IRQHandler                                build/stm32f1xx_hal_dma.o
HAL_DMA_Init                                      build/stm32f1xx_hal_dma.o
HAL_DMA_PollForTransfer                           build/stm32f1xx_hal_dma.o
HAL_DMA_RegisterCallback                          build/stm32f1xx_hal_dma.o
HAL_DMA_Start                                     build/stm32f1xx_hal_dma.o
HAL_DMA_Start_IT                                  build/stm32f1xx_hal_dma.o
                                                  build/stm32f1xx_hal_uart.o
                                                  build/stm32f1xx_hal_tim_ex.o
                                                  build/stm32f1xx_hal_tim.o
HAL_DMA_UnRegisterCallback                        build/stm32f1xx_hal_dma.o
HAL_DeInit                                        build/stm32f1xx_hal.o
                                                  build/Bootloader.o
HAL_Delay                                         build/stm32f1xx_hal.o
                                                  build/Bootloader.o
HAL_EXTI_ClearConfigLine                          build/stm32f1xx_hal_exti.o
HAL_EXTI_ClearPending                             build/stm32f1xx_hal_exti.o
HAL_EXTI_GenerateSWI                              build/stm32f1xx_hal_exti.o
HAL_EXTI_GetConfigLine                            build/stm32f1xx_hal_exti.o
HAL_EXTI_GetHandle                                build/stm32f1xx_hal_exti.o
HAL_EXTI_GetPending                               build/stm32f1xx_hal_exti.o
HAL_EXTI_IRQHandler                               build/stm32f1xx_hal_exti.o
HAL_EXTI_RegisterCallback                         build/stm32f1xx_hal_exti.o
HAL_EXTI_SetConfigLine                            build/stm32f1xx_hal_exti.o
HAL_FLASHEx_Erase                                 build/stm32f1xx_hal_flash_ex.o
HAL_FLASHEx_Erase_IT                              build/stm32f1xx_hal_flash_ex.o
HAL_FLASHEx_OBErase                               build/stm32f1xx_hal_flash_ex.o
HAL_FLASHEx_OBGetConfig                           build/stm32f1xx_hal_flash_ex.o
HAL_FLASHEx_OBGetUserData                         build/stm32f1xx_hal_flash_ex.o
HAL_FLASHEx_OBProgram                             build/stm32f1xx_hal_flash_ex.o
HAL_FLASH_EndOfOperationCallback                  build/stm32f1xx_hal_flash.o
HAL_FLASH_GetError                                build/stm32f1xx_hal_flash.o
HAL_FLASH_IRQHandler                              build/stm32f1xx_hal_flash.o
HAL_FLASH_Lock                                    build/stm32f1xx_hal_flash.o
HAL_FLASH_OB_Launch                               build/stm32f1xx_hal_flash.o
HAL_FLASH_OB_Lock                                 build/stm32f1xx_hal_flash.o
HAL_FLASH_OB_Unlock                               build/stm32f1xx_hal_flash.o
HAL_FLASH_OperationErrorCallback                  build/stm32f1xx_hal_flash.o
HAL_FLASH_Program                                 build/stm32f1xx_hal_flash.o
HAL_FLASH_Program_IT                              build/stm32f1xx_hal_flash.o
HAL_FLASH_Unlock                                  build/stm32f1xx_hal_flash.o
HAL_GPIOEx_ConfigEventout                         build/stm32f1xx_hal_gpio_ex.o
HAL_GPIOEx_DisableEventout                        build/stm32f1xx_hal_gpio_ex.o
HAL_GPIOEx_EnableEventout                         build/stm32f1xx_hal_gpio_ex.o
HAL_GPIO_DeInit                                   build/stm32f1xx_hal_gpio.o
                                                  build/usart.o
HAL_GPIO_EXTI_Callback                            build/stm32f1xx_hal_gpio.o
HAL_GPIO_EXTI_IRQHandler                          build/stm32f1xx_hal_gpio.o
HAL_GPIO_Init                                     build/stm32f1xx_hal_gpio.o
                                                  build/stm32f1xx_hal_rcc.o
                                                  build/usart.o
                                                  build/gpio.o
HAL_GPIO_LockPin                                  build/stm32f1xx_hal_gpio.o
HAL_GPIO_ReadPin                                  build/stm32f1xx_hal_gpio.o
                                                  build/Bootloader.o
HAL_GPIO_TogglePin                                build/stm32f1xx_hal_gpio.o
HAL_GPIO_WritePin                                 build/stm32f1xx_hal_gpio.o
                                                  build/gpio.o
                                                  build/Bootloader.o
HAL_GetDEVID                                      build/stm32f1xx_hal.o
HAL_GetHalVersion                                 build/stm32f1xx_hal.o
HAL_GetREVID                                      build/stm32f1xx_hal.o
HAL_GetTick                                       build/stm32f1xx_hal.o
                                                  build/stm32f1xx_hal_uart.o
                                                  build/stm32f1xx_hal_flash.o
                                                  build/stm32f1xx_hal_dma.o
                                                  build/stm32f1xx_hal_rcc_ex.o
                                                  build/stm32f1xx_hal_rcc.o
HAL_GetTickFreq                                   build/stm32f1xx_hal.o
HAL_GetTickPrio                                   build/stm32f1xx_hal.o
HAL_GetUIDw0                                      build/stm32f1xx_hal.o
HAL_GetUIDw1                                      build/stm32f1xx_hal.o
HAL_GetUIDw2                                      build/stm32f1xx_hal.o
HAL_HalfDuplex_EnableReceiver                     build/stm32f1xx_hal_uart.o
HAL_HalfDuplex_EnableTransmitter                  build/stm32f1xx_hal_uart.o
HAL_HalfDuplex_Init                               build/stm32f1xx_hal_uart.o
HAL_IncTick                                       build/stm32f1xx_hal.o
                                                  build/stm32f1xx_it.o
HAL_Init                                          build/stm32f1xx_hal.o
                                                  build/Bootloader.o
HAL_InitTick                                      build/stm32f1xx_hal.o
                                                  build/stm32f1xx_hal_rcc.o
HAL_LIN_Init                                      build/stm32f1xx_hal_uart.o
HAL_LIN_SendBreak                                 build/stm32f1xx_hal_uart.o
HAL_MspDeInit                                     build/stm32f1xx_hal.o
HAL_MspInit                                       build/stm32f1xx_hal_msp.o
HAL_MultiProcessor_EnterMuteMode                  build/stm32f1xx_hal_uart.o
HAL_MultiProcessor_ExitMuteMode                   build/stm32f1xx_hal_uart.o
HAL_MultiProcessor_Init                           build/stm32f1xx_hal_uart.o
HAL_NVIC_ClearPendingIRQ                          build/stm32f1xx_hal_cortex.o
HAL_NVIC_DisableIRQ                               build/stm32f1xx_hal_cortex.o
                                                  build/usart.o
                                                  build/tim.o
HAL_NVIC_EnableIRQ                                build/stm32f1xx_hal_cortex.o
                                                  build/usart.o
                                                  build/tim.o
HAL_NVIC_GetActive                                build/stm32f1xx_hal_cortex.o
HAL_NVIC_GetPendingIRQ                            build/stm32f1xx_hal_cortex.o
HAL_NVIC_GetPriority                              build/stm32f1xx_hal_cortex.o
HAL_NVIC_GetPriorityGrouping                      build/stm32f1xx_hal_cortex.o
HAL_NVIC_SetPendingIRQ                            build/stm32f1xx_hal_cortex.o
HAL_NVIC_SetPriority                              build/stm32f1xx_hal_cortex.o
                                                  build/stm32f1xx_hal.o
                                                  build/usart.o
                                                  build/tim.o
HAL_NVIC_SetPriorityGrouping                      build/stm32f1xx_hal_cortex.o
                                                  build/stm32f1xx_hal.o
HAL_NVIC_SystemReset                              build/stm32f1xx_hal_cortex.o
                                                  build/stm32f1xx_hal_flash.o
HAL_PWR_ConfigPVD                                 build/stm32f1xx_hal_pwr.o
HAL_PWR_DeInit                                    build/stm32f1xx_hal_pwr.o
HAL_PWR_DisableBkUpAccess                         build/stm32f1xx_hal_pwr.o
HAL_PWR_DisablePVD                                build/stm32f1xx_hal_pwr.o
HAL_PWR_DisableSEVOnPend                          build/stm32f1xx_hal_pwr.o
HAL_PWR_DisableSleepOnExit                        build/stm32f1xx_hal_pwr.o
HAL_PWR_DisableWakeUpPin                          build/stm32f1xx_hal_pwr.o
HAL_PWR_EnableBkUpAccess                          build/stm32f1xx_hal_pwr.o
HAL_PWR_EnablePVD                                 build/stm32f1xx_hal_pwr.o
HAL_PWR_EnableSEVOnPend                           build/stm32f1xx_hal_pwr.o
HAL_PWR_EnableSleepOnExit                         build/stm32f1xx_hal_pwr.o
HAL_PWR_EnableWakeUpPin                           build/stm32f1xx_hal_pwr.o
HAL_PWR_EnterSLEEPMode                            build/stm32f1xx_hal_pwr.o
HAL_PWR_EnterSTANDBYMode                          build/stm32f1xx_hal_pwr.o
HAL_PWR_EnterSTOPMode                             build/stm32f1xx_hal_pwr.o
HAL_PWR_PVDCallback                               build/stm32f1xx_hal_pwr.o
HAL_PWR_PVD_IRQHandler                            build/stm32f1xx_hal_pwr.o
HAL_RCCEx_GetPeriphCLKConfig                      build/stm32f1xx_hal_rcc_ex.o
HAL_RCCEx_GetPeriphCLKFreq                        build/stm32f1xx_hal_rcc_ex.o
HAL_RCCEx_PeriphCLKConfig                         build/stm32f1xx_hal_rcc_ex.o
HAL_RCC_CSSCallback                               build/stm32f1xx_hal_rcc.o
HAL_RCC_ClockConfig                               build/stm32f1xx_hal_rcc.o
                                                  build/Bootloader.o
HAL_RCC_DeInit                                    build/stm32f1xx_hal_rcc.o
                                                  build/Bootloader.o
HAL_RCC_DisableCSS                                build/stm32f1xx_hal_rcc.o
HAL_RCC_EnableCSS                                 build/stm32f1xx_hal_rcc.o
HAL_RCC_GetClockConfig                            build/stm32f1xx_hal_rcc.o
HAL_RCC_GetHCLKFreq                               build/stm32f1xx_hal_rcc.o
HAL_RCC_GetOscConfig                              build/stm32f1xx_hal_rcc.o
HAL_RCC_GetPCLK1Freq                              build/stm32f1xx_hal_rcc.o
                                                  build/stm32f1xx_hal_uart.o
HAL_RCC_GetPCLK2Freq                              build/stm32f1xx_hal_rcc.o
                                                  build/stm32f1xx_hal_uart.o
                                                  build/stm32f1xx_hal_rcc_ex.o
HAL_RCC_GetSysClockFreq                           build/stm32f1xx_hal_rcc.o
HAL_RCC_MCOConfig                                 build/stm32f1xx_hal_rcc.o
HAL_RCC_NMI_IRQHandler                            build/stm32f1xx_hal_rcc.o
HAL_RCC_OscConfig                                 build/stm32f1xx_hal_rcc.o
                                                  build/Bootloader.o
HAL_ResumeTick                                    build/stm32f1xx_hal.o
HAL_SYSTICK_CLKSourceConfig                       build/stm32f1xx_hal_cortex.o
HAL_SYSTICK_Callback                              build/stm32f1xx_hal_cortex.o
HAL_SYSTICK_Config                                build/stm32f1xx_hal_cortex.o
                                                  build/stm32f1xx_hal.o
HAL_SYSTICK_IRQHandler                            build/stm32f1xx_hal_cortex.o
HAL_SetTickFreq                                   build/stm32f1xx_hal.o
HAL_SuspendTick                                   build/stm32f1xx_hal.o
HAL_TIMEx_BreakCallback                           build/stm32f1xx_hal_tim_ex.o
                                                  build/stm32f1xx_hal_tim.o
HAL_TIMEx_CommutCallback                          build/stm32f1xx_hal_tim_ex.o
                                                  build/stm32f1xx_hal_tim.o
HAL_TIMEx_CommutHalfCpltCallback                  build/stm32f1xx_hal_tim_ex.o
HAL_TIMEx_ConfigBreakDeadTime                     build/stm32f1xx_hal_tim_ex.o
HAL_TIMEx_ConfigCommutEvent                       build/stm32f1xx_hal_tim_ex.o
HAL_TIMEx_ConfigCommutEvent_DMA                   build/stm32f1xx_hal_tim_ex.o
HAL_TIMEx_ConfigCommutEvent_IT                    build/stm32f1xx_hal_tim_ex.o
HAL_TIMEx_GetChannelNState                        build/stm32f1xx_hal_tim_ex.o
HAL_TIMEx_HallSensor_DeInit                       build/stm32f1xx_hal_tim_ex.o
HAL_TIMEx_HallSensor_GetState                     build/stm32f1xx_hal_tim_ex.o
HAL_TIMEx_HallSensor_Init                         build/stm32f1xx_hal_tim_ex.o
HAL_TIMEx_HallSensor_MspDeInit                    build/stm32f1xx_hal_tim_ex.o
HAL_TIMEx_HallSensor_MspInit                      build/stm32f1xx_hal_tim_ex.o
HAL_TIMEx_HallSensor_Start                        build/stm32f1xx_hal_tim_ex.o
HAL_TIMEx_HallSensor_Start_DMA                    build/stm32f1xx_hal_tim_ex.o
HAL_TIMEx_HallSensor_Start_IT                     build/stm32f1xx_hal_tim_ex.o
HAL_TIMEx_HallSensor_Stop                         build/stm32f1xx_hal_tim_ex.o
HAL_TIMEx_HallSensor_Stop_DMA                     build/stm32f1xx_hal_tim_ex.o
HAL_TIMEx_HallSensor_Stop_IT                      build/stm32f1xx_hal_tim_ex.o
HAL_TIMEx_MasterConfigSynchronization             build/stm32f1xx_hal_tim_ex.o
                                                  build/tim.o
HAL_TIMEx_OCN_Start                               build/stm32f1xx_hal_tim_ex.o
HAL_TIMEx_OCN_Start_DMA                           build/stm32f1xx_hal_tim_ex.o
HAL_TIMEx_OCN_Start_IT                            build/stm32f1xx_hal_tim_ex.o
HAL_TIMEx_OCN_Stop                                build/stm32f1xx_hal_tim_ex.o
HAL_TIMEx_OCN_Stop_DMA                            build/stm32f1xx_hal_tim_ex.o
HAL_TIMEx_OCN_Stop_IT                             build/stm32f1xx_hal_tim_ex.o
HAL_TIMEx_OnePulseN_Start                         build/stm32f1xx_hal_tim_ex.o
HAL_TIMEx_OnePulseN_Start_IT                      build/stm32f1xx_hal_tim_ex.o
HAL_TIMEx_OnePulseN_Stop                          build/stm32f1xx_hal_tim_ex.o
HAL_TIMEx_OnePulseN_Stop_IT                       build/stm32f1xx_hal_tim_ex.o
HAL_TIMEx_PWMN_Start                              build/stm32f1xx_hal_tim_ex.o
HAL_TIMEx_PWMN_Start_DMA                          build/stm32f1xx_hal_tim_ex.o
HAL_TIMEx_PWMN_Start_IT                           build/stm32f1xx_hal_tim_ex.o
HAL_TIMEx_PWMN_Stop                               build/stm32f1xx_hal_tim_ex.o
HAL_TIMEx_PWMN_Stop_DMA                           build/stm32f1xx_hal_tim_ex.o
HAL_TIMEx_PWMN_Stop_IT                            build/stm32f1xx_hal_tim_ex.o
HAL_TIMEx_RemapConfig                             build/stm32f1xx_hal_tim_ex.o
HAL_TIM_Base_DeInit                               build/stm32f1xx_hal_tim.o
HAL_TIM_Base_GetState                             build/stm32f1xx_hal_tim.o
HAL_TIM_Base_Init                                 build/stm32f1xx_hal_tim.o
                                                  build/tim.o
HAL_TIM_Base_MspDeInit                            build/tim.o
HAL_TIM_Base_MspInit                              build/tim.o
HAL_TIM_Base_Start                                build/stm32f1xx_hal_tim.o
HAL_TIM_Base_Start_DMA                            build/stm32f1xx_hal_tim.o
HAL_TIM_Base_Start_IT                             build/stm32f1xx_hal_tim.o
HAL_TIM_Base_Stop                                 build/stm32f1xx_hal_tim.o
HAL_TIM_Base_Stop_DMA                             build/stm32f1xx_hal_tim.o
HAL_TIM_Base_Stop_IT                              build/stm32f1xx_hal_tim.o
HAL_TIM_ConfigClockSource                         build/stm32f1xx_hal_tim.o
                                                  build/tim.o
HAL_TIM_ConfigOCrefClear                          build/stm32f1xx_hal_tim.o
HAL_TIM_ConfigTI1Input                            build/stm32f1xx_hal_tim.o
HAL_TIM_DMABurstState                             build/stm32f1xx_hal_tim.o
HAL_TIM_DMABurst_MultiReadStart                   build/stm32f1xx_hal_tim.o
HAL_TIM_DMABurst_MultiWriteStart                  build/stm32f1xx_hal_tim.o
HAL_TIM_DMABurst_ReadStart                        build/stm32f1xx_hal_tim.o
HAL_TIM_DMABurst_ReadStop                         build/stm32f1xx_hal_tim.o
HAL_TIM_DMABurst_WriteStart                       build/stm32f1xx_hal_tim.o
HAL_TIM_DMABurst_WriteStop                        build/stm32f1xx_hal_tim.o
HAL_TIM_Encoder_DeInit                            build/stm32f1xx_hal_tim.o
HAL_TIM_Encoder_GetState                          build/stm32f1xx_hal_tim.o
HAL_TIM_Encoder_Init                              build/stm32f1xx_hal_tim.o
HAL_TIM_Encoder_MspDeInit                         build/stm32f1xx_hal_tim.o
HAL_TIM_Encoder_MspInit                           build/stm32f1xx_hal_tim.o
HAL_TIM_Encoder_Start                             build/stm32f1xx_hal_tim.o
HAL_TIM_Encoder_Start_DMA                         build/stm32f1xx_hal_tim.o
HAL_TIM_Encoder_Start_IT                          build/stm32f1xx_hal_tim.o
HAL_TIM_Encoder_Stop                              build/stm32f1xx_hal_tim.o
HAL_TIM_Encoder_Stop_DMA                          build/stm32f1xx_hal_tim.o
HAL_TIM_Encoder_Stop_IT                           build/stm32f1xx_hal_tim.o
HAL_TIM_ErrorCallback                             build/stm32f1xx_hal_tim.o
                                                  build/stm32f1xx_hal_tim_ex.o
HAL_TIM_GenerateEvent                             build/stm32f1xx_hal_tim.o
HAL_TIM_GetActiveChannel                          build/stm32f1xx_hal_tim.o
HAL_TIM_GetChannelState                           build/stm32f1xx_hal_tim.o
HAL_TIM_IC_CaptureCallback                        build/stm32f1xx_hal_tim.o
HAL_TIM_IC_CaptureHalfCpltCallback                build/stm32f1xx_hal_tim.o
HAL_TIM_IC_ConfigChannel                          build/stm32f1xx_hal_tim.o
HAL_TIM_IC_DeInit                                 build/stm32f1xx_hal_tim.o
HAL_TIM_IC_GetState                               build/stm32f1xx_hal_tim.o
HAL_TIM_IC_Init                                   build/stm32f1xx_hal_tim.o
HAL_TIM_IC_MspDeInit                              build/stm32f1xx_hal_tim.o
HAL_TIM_IC_MspInit                                build/stm32f1xx_hal_tim.o
HAL_TIM_IC_Start                                  build/stm32f1xx_hal_tim.o
HAL_TIM_IC_Start_DMA                              build/stm32f1xx_hal_tim.o
HAL_TIM_IC_Start_IT                               build/stm32f1xx_hal_tim.o
HAL_TIM_IC_Stop                                   build/stm32f1xx_hal_tim.o
HAL_TIM_IC_Stop_DMA                               build/stm32f1xx_hal_tim.o
HAL_TIM_IC_Stop_IT                                build/stm32f1xx_hal_tim.o
HAL_TIM_IRQHandler                                build/stm32f1xx_hal_tim.o
                                                  build/stm32f1xx_it.o
HAL_TIM_OC_ConfigChannel                          build/stm32f1xx_hal_tim.o
                                                  build/tim.o
HAL_TIM_OC_DeInit                                 build/stm32f1xx_hal_tim.o
HAL_TIM_OC_DelayElapsedCallback                   build/stm32f1xx_hal_tim.o
HAL_TIM_OC_GetState                               build/stm32f1xx_hal_tim.o
HAL_TIM_OC_Init                                   build/stm32f1xx_hal_tim.o
                                                  build/tim.o
HAL_TIM_OC_MspDeInit                              build/stm32f1xx_hal_tim.o
HAL_TIM_OC_MspInit                                build/stm32f1xx_hal_tim.o
HAL_TIM_OC_Start                                  build/stm32f1xx_hal_tim.o
HAL_TIM_OC_Start_DMA                              build/stm32f1xx_hal_tim.o
HAL_TIM_OC_Start_IT                               build/stm32f1xx_hal_tim.o
HAL_TIM_OC_Stop                                   build/stm32f1xx_hal_tim.o
HAL_TIM_OC_Stop_DMA                               build/stm32f1xx_hal_tim.o
HAL_TIM_OC_Stop_IT                                build/stm32f1xx_hal_tim.o
HAL_TIM_OnePulse_ConfigChannel                    build/stm32f1xx_hal_tim.o
HAL_TIM_OnePulse_DeInit                           build/stm32f1xx_hal_tim.o
HAL_TIM_OnePulse_GetState                         build/stm32f1xx_hal_tim.o
HAL_TIM_OnePulse_Init                             build/stm32f1xx_hal_tim.o
HAL_TIM_OnePulse_MspDeInit                        build/stm32f1xx_hal_tim.o
HAL_TIM_OnePulse_MspInit                          build/stm32f1xx_hal_tim.o
HAL_TIM_OnePulse_Start                            build/stm32f1xx_hal_tim.o
HAL_TIM_OnePulse_Start_IT                         build/stm32f1xx_hal_tim.o
HAL_TIM_OnePulse_Stop                             build/stm32f1xx_hal_tim.o
HAL_TIM_OnePulse_Stop_IT                          build/stm32f1xx_hal_tim.o
HAL_TIM_PWM_ConfigChannel                         build/stm32f1xx_hal_tim.o
HAL_TIM_PWM_DeInit                                build/stm32f1xx_hal_tim.o
HAL_TIM_PWM_GetState                              build/stm32f1xx_hal_tim.o
HAL_TIM_PWM_Init                                  build/stm32f1xx_hal_tim.o
HAL_TIM_PWM_MspDeInit                             build/stm32f1xx_hal_tim.o
HAL_TIM_PWM_MspInit                               build/stm32f1xx_hal_tim.o
HAL_TIM_PWM_PulseFinishedCallback                 build/stm32f1xx_hal_tim.o
                                                  build/stm32f1xx_hal_tim_ex.o
HAL_TIM_PWM_PulseFinishedHalfCpltCallback         build/stm32f1xx_hal_tim.o
HAL_TIM_PWM_Start                                 build/stm32f1xx_hal_tim.o
HAL_TIM_PWM_Start_DMA                             build/stm32f1xx_hal_tim.o
HAL_TIM_PWM_Start_IT                              build/stm32f1xx_hal_tim.o
HAL_TIM_PWM_Stop                                  build/stm32f1xx_hal_tim.o
HAL_TIM_PWM_Stop_DMA                              build/stm32f1xx_hal_tim.o
HAL_TIM_PWM_Stop_IT                               build/stm32f1xx_hal_tim.o
HAL_TIM_PeriodElapsedCallback                     build/stm32f1xx_hal_tim.o
HAL_TIM_PeriodElapsedHalfCpltCallback             build/stm32f1xx_hal_tim.o
HAL_TIM_ReadCapturedValue                         build/stm32f1xx_hal_tim.o
HAL_TIM_SlaveConfigSynchro                        build/stm32f1xx_hal_tim.o
HAL_TIM_SlaveConfigSynchro_IT                     build/stm32f1xx_hal_tim.o
HAL_TIM_TriggerCallback                           build/stm32f1xx_hal_tim.o
HAL_TIM_TriggerHalfCpltCallback                   build/stm32f1xx_hal_tim.o
HAL_UARTEx_ReceiveToIdle                          build/stm32f1xx_hal_uart.o
HAL_UARTEx_ReceiveToIdle_DMA                      build/stm32f1xx_hal_uart.o
HAL_UARTEx_ReceiveToIdle_IT                       build/stm32f1xx_hal_uart.o
HAL_UARTEx_RxEventCallback                        build/stm32f1xx_hal_uart.o
HAL_UART_Abort                                    build/stm32f1xx_hal_uart.o
HAL_UART_AbortCpltCallback                        build/stm32f1xx_hal_uart.o
HAL_UART_AbortReceive                             build/stm32f1xx_hal_uart.o
HAL_UART_AbortReceiveCpltCallback                 build/stm32f1xx_hal_uart.o
HAL_UART_AbortReceive_IT                          build/stm32f1xx_hal_uart.o
HAL_UART_AbortTransmit                            build/stm32f1xx_hal_uart.o
HAL_UART_AbortTransmitCpltCallback                build/stm32f1xx_hal_uart.o
HAL_UART_AbortTransmit_IT                         build/stm32f1xx_hal_uart.o
HAL_UART_Abort_IT                                 build/stm32f1xx_hal_uart.o
HAL_UART_DMAPause                                 build/stm32f1xx_hal_uart.o
HAL_UART_DMAResume                                build/stm32f1xx_hal_uart.o
HAL_UART_DMAStop                                  build/stm32f1xx_hal_uart.o
HAL_UART_DeInit                                   build/stm32f1xx_hal_uart.o
HAL_UART_ErrorCallback                            build/stm32f1xx_hal_uart.o
HAL_UART_GetError                                 build/stm32f1xx_hal_uart.o
HAL_UART_GetState                                 build/stm32f1xx_hal_uart.o
HAL_UART_IRQHandler                               build/stm32f1xx_hal_uart.o
                                                  build/stm32f1xx_it.o
HAL_UART_Init                                     build/stm32f1xx_hal_uart.o
                                                  build/usart.o
HAL_UART_MspDeInit                                build/usart.o
HAL_UART_MspInit                                  build/usart.o
HAL_UART_Receive                                  build/stm32f1xx_hal_uart.o
HAL_UART_Receive_DMA                              build/stm32f1xx_hal_uart.o
HAL_UART_Receive_IT                               build/stm32f1xx_hal_uart.o
HAL_UART_RxCpltCallback                           build/stm32f1xx_hal_uart.o
HAL_UART_RxHalfCpltCallback                       build/stm32f1xx_hal_uart.o
HAL_UART_Transmit                                 build/stm32f1xx_hal_uart.o
HAL_UART_Transmit_DMA                             build/stm32f1xx_hal_uart.o
HAL_UART_Transmit_IT                              build/stm32f1xx_hal_uart.o
HAL_UART_TxCpltCallback                           build/stm32f1xx_hal_uart.o
HAL_UART_TxHalfCpltCallback                       build/stm32f1xx_hal_uart.o
HardFault_Handler                                 build/stm32f1xx_it.o
I2C1_ER_IRQHandler                                build/startup_stm32f103xb.o
I2C1_EV_IRQHandler                                build/startup_stm32f103xb.o
I2C2_ER_IRQHandler                                build/startup_stm32f103xb.o
I2C2_EV_IRQHandler                                build/startup_stm32f103xb.o
JumpToMain                                        build/Bootloader.o
MX_CRC_Init                                       build/crc.o
                                                  build/Bootloader.o
MX_GPIO_Init                                      build/gpio.o
                                                  build/Bootloader.o
MX_TIM2_Init                                      build/tim.o
                                                  build/Bootloader.o
MX_USART1_UART_Init                               build/usart.o
                                                  build/Bootloader.o
MemManage_Handler                                 build/stm32f1xx_it.o
NMI_Handler                                       build/stm32f1xx_it.o
PVD_IRQHandler                                    build/startup_stm32f103xb.o
PendSV_Handler                                    build/stm32f1xx_it.o
RCC_IRQHandler                                    build/startup_stm32f103xb.o
RTC_Alarm_IRQHandler                              build/startup_stm32f103xb.o
RTC_IRQHandler                                    build/startup_stm32f103xb.o
Reset_Handler                                     build/startup_stm32f103xb.o
SPI1_IRQHandler                                   build/startup_stm32f103xb.o
SPI2_IRQHandler                                   build/startup_stm32f103xb.o
SVC_Handler                                       build/stm32f1xx_it.o
SysTick_Handler                                   build/stm32f1xx_it.o
SystemClock_Config                                build/Bootloader.o
SystemCoreClock                                   build/system_stm32f1xx.o
                                                  build/stm32f1xx_hal_rcc.o
                                                  build/stm32f1xx_hal.o
SystemCoreClockUpdate                             build/system_stm32f1xx.o
SystemInit                                        build/system_stm32f1xx.o
                                                  build/startup_stm32f103xb.o
TAMPER_IRQHandler                                 build/startup_stm32f103xb.o
TIM1_BRK_IRQHandler                               build/startup_stm32f103xb.o
TIM1_CC_IRQHandler                                build/startup_stm32f103xb.o
TIM1_TRG_COM_IRQHandler                           build/startup_stm32f103xb.o
TIM1_UP_IRQHandler                                build/startup_stm32f103xb.o
TIM2_IRQHandler                                   build/stm32f1xx_it.o
TIM3_IRQHandler                                   build/startup_stm32f103xb.o
TIM4_IRQHandler                                   build/startup_stm32f103xb.o
TIMEx_DMACommutationCplt                          build/stm32f1xx_hal_tim_ex.o
                                                  build/stm32f1xx_hal_tim.o
TIMEx_DMACommutationHalfCplt                      build/stm32f1xx_hal_tim_ex.o
                                                  build/stm32f1xx_hal_tim.o
TIM_Base_SetConfig                                build/stm32f1xx_hal_tim.o
                                                  build/stm32f1xx_hal_tim_ex.o
TIM_CCxChannelCmd                                 build/stm32f1xx_hal_tim.o
                                                  build/stm32f1xx_hal_tim_ex.o
TIM_DMACaptureCplt                                build/stm32f1xx_hal_tim.o
                                                  build/stm32f1xx_hal_tim_ex.o
TIM_DMACaptureHalfCplt                            build/stm32f1xx_hal_tim.o
                                                  build/stm32f1xx_hal_tim_ex.o
TIM_DMADelayPulseHalfCplt                         build/stm32f1xx_hal_tim.o
                                                  build/stm32f1xx_hal_tim_ex.o
TIM_DMAError                                      build/stm32f1xx_hal_tim.o
                                                  build/stm32f1xx_hal_tim_ex.o
TIM_ETR_SetConfig                                 build/stm32f1xx_hal_tim.o
TIM_OC2_SetConfig                                 build/stm32f1xx_hal_tim.o
                                                  build/stm32f1xx_hal_tim_ex.o
TIM_TI1_SetConfig                                 build/stm32f1xx_hal_tim.o
                                                  build/stm32f1xx_hal_tim_ex.o
UART_Start_Receive_DMA                            build/stm32f1xx_hal_uart.o
UART_Start_Receive_IT                             build/stm32f1xx_hal_uart.o
USART1_IRQHandler                                 build/stm32f1xx_it.o
USART2_IRQHandler                                 build/startup_stm32f103xb.o
USART3_IRQHandler                                 build/startup_stm32f103xb.o
USBWakeUp_IRQHandler                              build/startup_stm32f103xb.o
USB_HP_CAN1_TX_IRQHandler                         build/startup_stm32f103xb.o
USB_LP_CAN1_RX0_IRQHandler                        build/startup_stm32f103xb.o
UsageFault_Handler                                build/stm32f1xx_it.o
WWDG_IRQHandler                                   build/startup_stm32f103xb.o
__bss_end__                                       c:/program files (x86)/gnu arm embedded toolchain/10 2020-q4-major/bin/../lib/gcc/arm-none-eabi/10.2.1/../../../../arm-none-eabi/lib/thumb/v7-m/nofp/crt0.o
__bss_start__                                     c:/program files (x86)/gnu arm embedded toolchain/10 2020-q4-major/bin/../lib/gcc/arm-none-eabi/10.2.1/../../../../arm-none-eabi/lib/thumb/v7-m/nofp/crt0.o
__call_exitprocs                                  c:/program files (x86)/gnu arm embedded toolchain/10 2020-q4-major/bin/../lib/gcc/arm-none-eabi/10.2.1/../../../../arm-none-eabi/lib/thumb/v7-m/nofp\libc_nano.a(lib_a-exit.o)
__deregister_frame_info                           c:/program files (x86)/gnu arm embedded toolchain/10 2020-q4-major/bin/../lib/gcc/arm-none-eabi/10.2.1/thumb/v7-m/nofp/crtbegin.o
__dso_handle                                      c:/program files (x86)/gnu arm embedded toolchain/10 2020-q4-major/bin/../lib/gcc/arm-none-eabi/10.2.1/thumb/v7-m/nofp/crtbegin.o
__init_array_end                                  c:/program files (x86)/gnu arm embedded toolchain/10 2020-q4-major/bin/../lib/gcc/arm-none-eabi/10.2.1/../../../../arm-none-eabi/lib/thumb/v7-m/nofp\libc_nano.a(lib_a-init.o)
__init_array_start                                c:/program files (x86)/gnu arm embedded toolchain/10 2020-q4-major/bin/../lib/gcc/arm-none-eabi/10.2.1/../../../../arm-none-eabi/lib/thumb/v7-m/nofp\libc_nano.a(lib_a-init.o)
__libc_fini_array                                 c:/program files (x86)/gnu arm embedded toolchain/10 2020-q4-major/bin/../lib/gcc/arm-none-eabi/10.2.1/../../../../arm-none-eabi/lib/thumb/v7-m/nofp/crt0.o
__libc_init_array                                 c:/program files (x86)/gnu arm embedded toolchain/10 2020-q4-major/bin/../lib/gcc/arm-none-eabi/10.2.1/../../../../arm-none-eabi/lib/thumb/v7-m/nofp\libc_nano.a(lib_a-init.o)
                                                  build/startup_stm32f103xb.o
                                                  c:/program files (x86)/gnu arm embedded toolchain/10 2020-q4-major/bin/../lib/gcc/arm-none-eabi/10.2.1/../../../../arm-none-eabi/lib/thumb/v7-m/nofp/crt0.o
__preinit_array_end                               c:/program files (x86)/gnu arm embedded toolchain/10 2020-q4-major/bin/../lib/gcc/arm-none-eabi/10.2.1/../../../../arm-none-eabi/lib/thumb/v7-m/nofp\libc_nano.a(lib_a-init.o)
__preinit_array_start                             c:/program files (x86)/gnu arm embedded toolchain/10 2020-q4-major/bin/../lib/gcc/arm-none-eabi/10.2.1/../../../../arm-none-eabi/lib/thumb/v7-m/nofp\libc_nano.a(lib_a-init.o)
__register_frame_info                             c:/program files (x86)/gnu arm embedded toolchain/10 2020-q4-major/bin/../lib/gcc/arm-none-eabi/10.2.1/thumb/v7-m/nofp/crtbegin.o
__sf_fake_stderr                                  c:/program files (x86)/gnu arm embedded toolchain/10 2020-q4-major/bin/../lib/gcc/arm-none-eabi/10.2.1/../../../../arm-none-eabi/lib/thumb/v7-m/nofp\libc_nano.a(lib_a-impure.o)
__sf_fake_stdin                                   c:/program files (x86)/gnu arm embedded toolchain/10 2020-q4-major/bin/../lib/gcc/arm-none-eabi/10.2.1/../../../../arm-none-eabi/lib/thumb/v7-m/nofp\libc_nano.a(lib_a-impure.o)
__sf_fake_stdout                                  c:/program files (x86)/gnu arm embedded toolchain/10 2020-q4-major/bin/../lib/gcc/arm-none-eabi/10.2.1/../../../../arm-none-eabi/lib/thumb/v7-m/nofp\libc_nano.a(lib_a-impure.o)
__stack                                           c:/program files (x86)/gnu arm embedded toolchain/10 2020-q4-major/bin/../lib/gcc/arm-none-eabi/10.2.1/../../../../arm-none-eabi/lib/thumb/v7-m/nofp/crt0.o
_ebss                                             build/startup_stm32f103xb.o
_edata                                            build/startup_stm32f103xb.o
_estack                                           build/startup_stm32f103xb.o
_exit                                             c:/program files (x86)/gnu arm embedded toolchain/10 2020-q4-major/bin/../lib/gcc/arm-none-eabi/10.2.1/../../../../arm-none-eabi/lib/thumb/v7-m/nofp\libnosys.a(_exit.o)
                                                  c:/program files (x86)/gnu arm embedded toolchain/10 2020-q4-major/bin/../lib/gcc/arm-none-eabi/10.2.1/../../../../arm-none-eabi/lib/thumb/v7-m/nofp\libc_nano.a(lib_a-exit.o)
_fini                                             c:/program files (x86)/gnu arm embedded toolchain/10 2020-q4-major/bin/../lib/gcc/arm-none-eabi/10.2.1/thumb/v7-m/nofp/crti.o
_global_impure_ptr                                c:/program files (x86)/gnu arm embedded toolchain/10 2020-q4-major/bin/../lib/gcc/arm-none-eabi/10.2.1/../../../../arm-none-eabi/lib/thumb/v7-m/nofp\libc_nano.a(lib_a-impure.o)
                                                  c:/program files (x86)/gnu arm embedded toolchain/10 2020-q4-major/bin/../lib/gcc/arm-none-eabi/10.2.1/../../../../arm-none-eabi/lib/thumb/v7-m/nofp\libc_nano.a(lib_a-exit.o)
_impure_ptr                                       c:/program files (x86)/gnu arm embedded toolchain/10 2020-q4-major/bin/../lib/gcc/arm-none-eabi/10.2.1/../../../../arm-none-eabi/lib/thumb/v7-m/nofp\libc_nano.a(lib_a-impure.o)
_init                                             c:/program files (x86)/gnu arm embedded toolchain/10 2020-q4-major/bin/../lib/gcc/arm-none-eabi/10.2.1/thumb/v7-m/nofp/crti.o
                                                  c:/program files (x86)/gnu arm embedded toolchain/10 2020-q4-major/bin/../lib/gcc/arm-none-eabi/10.2.1/../../../../arm-none-eabi/lib/thumb/v7-m/nofp\libc_nano.a(lib_a-init.o)
_mainCRTStartup                                   c:/program files (x86)/gnu arm embedded toolchain/10 2020-q4-major/bin/../lib/gcc/arm-none-eabi/10.2.1/../../../../arm-none-eabi/lib/thumb/v7-m/nofp/crt0.o
_sbss                                             build/startup_stm32f103xb.o
_sdata                                            build/startup_stm32f103xb.o
_sidata                                           build/startup_stm32f103xb.o
_stack_init                                       c:/program files (x86)/gnu arm embedded toolchain/10 2020-q4-major/bin/../lib/gcc/arm-none-eabi/10.2.1/../../../../arm-none-eabi/lib/thumb/v7-m/nofp/crt0.o
_start                                            c:/program files (x86)/gnu arm embedded toolchain/10 2020-q4-major/bin/../lib/gcc/arm-none-eabi/10.2.1/../../../../arm-none-eabi/lib/thumb/v7-m/nofp/crt0.o
atexit                                            c:/program files (x86)/gnu arm embedded toolchain/10 2020-q4-major/bin/../lib/gcc/arm-none-eabi/10.2.1/../../../../arm-none-eabi/lib/thumb/v7-m/nofp/crt0.o
exit                                              c:/program files (x86)/gnu arm embedded toolchain/10 2020-q4-major/bin/../lib/gcc/arm-none-eabi/10.2.1/../../../../arm-none-eabi/lib/thumb/v7-m/nofp\libc_nano.a(lib_a-exit.o)
                                                  c:/program files (x86)/gnu arm embedded toolchain/10 2020-q4-major/bin/../lib/gcc/arm-none-eabi/10.2.1/../../../../arm-none-eabi/lib/thumb/v7-m/nofp/crt0.o
g_pfnVectors                                      build/startup_stm32f103xb.o
hardware_init_hook                                c:/program files (x86)/gnu arm embedded toolchain/10 2020-q4-major/bin/../lib/gcc/arm-none-eabi/10.2.1/../../../../arm-none-eabi/lib/thumb/v7-m/nofp/crt0.o
hcrc                                              build/crc.o
htim2                                             build/tim.o
                                                  build/stm32f1xx_it.o
huart1                                            build/usart.o
                                                  build/stm32f1xx_it.o
main                                              build/Bootloader.o
                                                  build/startup_stm32f103xb.o
                                                  c:/program files (x86)/gnu arm embedded toolchain/10 2020-q4-major/bin/../lib/gcc/arm-none-eabi/10.2.1/../../../../arm-none-eabi/lib/thumb/v7-m/nofp/crt0.o
memset                                            c:/program files (x86)/gnu arm embedded toolchain/10 2020-q4-major/bin/../lib/gcc/arm-none-eabi/10.2.1/../../../../arm-none-eabi/lib/thumb/v7-m/nofp\libc_nano.a(lib_a-memset.o)
                                                  build/Bootloader.o
                                                  c:/program files (x86)/gnu arm embedded toolchain/10 2020-q4-major/bin/../lib/gcc/arm-none-eabi/10.2.1/../../../../arm-none-eabi/lib/thumb/v7-m/nofp/crt0.o
pFlash                                            build/stm32f1xx_hal_flash.o
                                                  build/stm32f1xx_hal_flash_ex.o
software_init_hook                                c:/program files (x86)/gnu arm embedded toolchain/10 2020-q4-major/bin/../lib/gcc/arm-none-eabi/10.2.1/../../../../arm-none-eabi/lib/thumb/v7-m/nofp/crt0.o
uwTick                                            build/stm32f1xx_hal.o
uwTickFreq                                        build/stm32f1xx_hal.o
uwTickPrio                                        build/stm32f1xx_hal.o
                                                  build/stm32f1xx_hal_rcc.o
